[27-Sep-2025 19:07:01 UTC] PHP Warning:  require(/home/magentaw/friends.magentaweb.org/forgotpassword/vendor/phpmailer/phpmailer/src/PHPMailer.php): Failed to open stream: No such file or directory in /home/magentaw/friends.magentaweb.org/forgotpassword/mail.php on line 26
[27-Sep-2025 19:07:01 UTC] PHP Warning:  require(/home/magentaw/friends.magentaweb.org/forgotpassword/vendor/phpmailer/phpmailer/src/PHPMailer.php): Failed to open stream: No such file or directory in /home/magentaw/friends.magentaweb.org/forgotpassword/mail.php on line 26
[27-Sep-2025 19:07:01 UTC] PHP Fatal error:  Uncaught Error: Failed opening required '/home/magentaw/friends.magentaweb.org/forgotpassword/vendor/phpmailer/phpmailer/src/PHPMailer.php' (include_path='.:/opt/cpanel/ea-php81/root/usr/share/pear') in /home/magentaw/friends.magentaweb.org/forgotpassword/mail.php:26
Stack trace:
#0 {main}
  thrown in /home/magentaw/friends.magentaweb.org/forgotpassword/mail.php on line 26
[27-Sep-2025 19:07:06 UTC] PHP Warning:  require(/home/magentaw/friends.magentaweb.org/forgotpassword/vendor/phpmailer/phpmailer/src/PHPMailer.php): Failed to open stream: No such file or directory in /home/magentaw/friends.magentaweb.org/forgotpassword/mail.php on line 26
[27-Sep-2025 19:07:06 UTC] PHP Warning:  require(/home/magentaw/friends.magentaweb.org/forgotpassword/vendor/phpmailer/phpmailer/src/PHPMailer.php): Failed to open stream: No such file or directory in /home/magentaw/friends.magentaweb.org/forgotpassword/mail.php on line 26
[27-Sep-2025 19:07:06 UTC] PHP Fatal error:  Uncaught Error: Failed opening required '/home/magentaw/friends.magentaweb.org/forgotpassword/vendor/phpmailer/phpmailer/src/PHPMailer.php' (include_path='.:/opt/cpanel/ea-php81/root/usr/share/pear') in /home/magentaw/friends.magentaweb.org/forgotpassword/mail.php:26
Stack trace:
#0 {main}
  thrown in /home/magentaw/friends.magentaweb.org/forgotpassword/mail.php on line 26
[27-Sep-2025 19:07:07 UTC] PHP Warning:  require(/home/magentaw/friends.magentaweb.org/forgotpassword/vendor/phpmailer/phpmailer/src/PHPMailer.php): Failed to open stream: No such file or directory in /home/magentaw/friends.magentaweb.org/forgotpassword/mail.php on line 26
[27-Sep-2025 19:07:07 UTC] PHP Warning:  require(/home/magentaw/friends.magentaweb.org/forgotpassword/vendor/phpmailer/phpmailer/src/PHPMailer.php): Failed to open stream: No such file or directory in /home/magentaw/friends.magentaweb.org/forgotpassword/mail.php on line 26
[27-Sep-2025 19:07:07 UTC] PHP Fatal error:  Uncaught Error: Failed opening required '/home/magentaw/friends.magentaweb.org/forgotpassword/vendor/phpmailer/phpmailer/src/PHPMailer.php' (include_path='.:/opt/cpanel/ea-php81/root/usr/share/pear') in /home/magentaw/friends.magentaweb.org/forgotpassword/mail.php:26
Stack trace:
#0 {main}
  thrown in /home/magentaw/friends.magentaweb.org/forgotpassword/mail.php on line 26
[27-Sep-2025 19:07:07 UTC] PHP Warning:  require(/home/magentaw/friends.magentaweb.org/forgotpassword/vendor/phpmailer/phpmailer/src/PHPMailer.php): Failed to open stream: No such file or directory in /home/magentaw/friends.magentaweb.org/forgotpassword/mail.php on line 26
[27-Sep-2025 19:07:07 UTC] PHP Warning:  require(/home/magentaw/friends.magentaweb.org/forgotpassword/vendor/phpmailer/phpmailer/src/PHPMailer.php): Failed to open stream: No such file or directory in /home/magentaw/friends.magentaweb.org/forgotpassword/mail.php on line 26
[27-Sep-2025 19:07:07 UTC] PHP Fatal error:  Uncaught Error: Failed opening required '/home/magentaw/friends.magentaweb.org/forgotpassword/vendor/phpmailer/phpmailer/src/PHPMailer.php' (include_path='.:/opt/cpanel/ea-php81/root/usr/share/pear') in /home/magentaw/friends.magentaweb.org/forgotpassword/mail.php:26
Stack trace:
#0 {main}
  thrown in /home/magentaw/friends.magentaweb.org/forgotpassword/mail.php on line 26
[27-Sep-2025 19:07:07 UTC] PHP Warning:  require(/home/magentaw/friends.magentaweb.org/forgotpassword/vendor/phpmailer/phpmailer/src/PHPMailer.php): Failed to open stream: No such file or directory in /home/magentaw/friends.magentaweb.org/forgotpassword/mail.php on line 26
[27-Sep-2025 19:07:07 UTC] PHP Warning:  require(/home/magentaw/friends.magentaweb.org/forgotpassword/vendor/phpmailer/phpmailer/src/PHPMailer.php): Failed to open stream: No such file or directory in /home/magentaw/friends.magentaweb.org/forgotpassword/mail.php on line 26
[27-Sep-2025 19:07:07 UTC] PHP Fatal error:  Uncaught Error: Failed opening required '/home/magentaw/friends.magentaweb.org/forgotpassword/vendor/phpmailer/phpmailer/src/PHPMailer.php' (include_path='.:/opt/cpanel/ea-php81/root/usr/share/pear') in /home/magentaw/friends.magentaweb.org/forgotpassword/mail.php:26
Stack trace:
#0 {main}
  thrown in /home/magentaw/friends.magentaweb.org/forgotpassword/mail.php on line 26
[27-Sep-2025 19:07:08 UTC] PHP Warning:  require(/home/magentaw/friends.magentaweb.org/forgotpassword/vendor/phpmailer/phpmailer/src/PHPMailer.php): Failed to open stream: No such file or directory in /home/magentaw/friends.magentaweb.org/forgotpassword/mail.php on line 26
[27-Sep-2025 19:07:08 UTC] PHP Warning:  require(/home/magentaw/friends.magentaweb.org/forgotpassword/vendor/phpmailer/phpmailer/src/PHPMailer.php): Failed to open stream: No such file or directory in /home/magentaw/friends.magentaweb.org/forgotpassword/mail.php on line 26
[27-Sep-2025 19:07:08 UTC] PHP Fatal error:  Uncaught Error: Failed opening required '/home/magentaw/friends.magentaweb.org/forgotpassword/vendor/phpmailer/phpmailer/src/PHPMailer.php' (include_path='.:/opt/cpanel/ea-php81/root/usr/share/pear') in /home/magentaw/friends.magentaweb.org/forgotpassword/mail.php:26
Stack trace:
#0 {main}
  thrown in /home/magentaw/friends.magentaweb.org/forgotpassword/mail.php on line 26
[27-Sep-2025 19:07:08 UTC] PHP Warning:  require(/home/magentaw/friends.magentaweb.org/forgotpassword/vendor/phpmailer/phpmailer/src/PHPMailer.php): Failed to open stream: No such file or directory in /home/magentaw/friends.magentaweb.org/forgotpassword/mail.php on line 26
[27-Sep-2025 19:07:08 UTC] PHP Warning:  require(/home/magentaw/friends.magentaweb.org/forgotpassword/vendor/phpmailer/phpmailer/src/PHPMailer.php): Failed to open stream: No such file or directory in /home/magentaw/friends.magentaweb.org/forgotpassword/mail.php on line 26
[27-Sep-2025 19:07:08 UTC] PHP Fatal error:  Uncaught Error: Failed opening required '/home/magentaw/friends.magentaweb.org/forgotpassword/vendor/phpmailer/phpmailer/src/PHPMailer.php' (include_path='.:/opt/cpanel/ea-php81/root/usr/share/pear') in /home/magentaw/friends.magentaweb.org/forgotpassword/mail.php:26
Stack trace:
#0 {main}
  thrown in /home/magentaw/friends.magentaweb.org/forgotpassword/mail.php on line 26
[27-Sep-2025 19:07:08 UTC] PHP Warning:  require(/home/magentaw/friends.magentaweb.org/forgotpassword/vendor/phpmailer/phpmailer/src/PHPMailer.php): Failed to open stream: No such file or directory in /home/magentaw/friends.magentaweb.org/forgotpassword/mail.php on line 26
[27-Sep-2025 19:07:08 UTC] PHP Warning:  require(/home/magentaw/friends.magentaweb.org/forgotpassword/vendor/phpmailer/phpmailer/src/PHPMailer.php): Failed to open stream: No such file or directory in /home/magentaw/friends.magentaweb.org/forgotpassword/mail.php on line 26
[27-Sep-2025 19:07:08 UTC] PHP Fatal error:  Uncaught Error: Failed opening required '/home/magentaw/friends.magentaweb.org/forgotpassword/vendor/phpmailer/phpmailer/src/PHPMailer.php' (include_path='.:/opt/cpanel/ea-php81/root/usr/share/pear') in /home/magentaw/friends.magentaweb.org/forgotpassword/mail.php:26
Stack trace:
#0 {main}
  thrown in /home/magentaw/friends.magentaweb.org/forgotpassword/mail.php on line 26
[27-Sep-2025 19:07:08 UTC] PHP Warning:  require(/home/magentaw/friends.magentaweb.org/forgotpassword/vendor/phpmailer/phpmailer/src/PHPMailer.php): Failed to open stream: No such file or directory in /home/magentaw/friends.magentaweb.org/forgotpassword/mail.php on line 26
[27-Sep-2025 19:07:08 UTC] PHP Warning:  require(/home/magentaw/friends.magentaweb.org/forgotpassword/vendor/phpmailer/phpmailer/src/PHPMailer.php): Failed to open stream: No such file or directory in /home/magentaw/friends.magentaweb.org/forgotpassword/mail.php on line 26
[27-Sep-2025 19:07:08 UTC] PHP Fatal error:  Uncaught Error: Failed opening required '/home/magentaw/friends.magentaweb.org/forgotpassword/vendor/phpmailer/phpmailer/src/PHPMailer.php' (include_path='.:/opt/cpanel/ea-php81/root/usr/share/pear') in /home/magentaw/friends.magentaweb.org/forgotpassword/mail.php:26
Stack trace:
#0 {main}
  thrown in /home/magentaw/friends.magentaweb.org/forgotpassword/mail.php on line 26
[27-Sep-2025 19:07:08 UTC] PHP Warning:  require(/home/magentaw/friends.magentaweb.org/forgotpassword/vendor/phpmailer/phpmailer/src/PHPMailer.php): Failed to open stream: No such file or directory in /home/magentaw/friends.magentaweb.org/forgotpassword/mail.php on line 26
[27-Sep-2025 19:07:08 UTC] PHP Warning:  require(/home/magentaw/friends.magentaweb.org/forgotpassword/vendor/phpmailer/phpmailer/src/PHPMailer.php): Failed to open stream: No such file or directory in /home/magentaw/friends.magentaweb.org/forgotpassword/mail.php on line 26
[27-Sep-2025 19:07:08 UTC] PHP Fatal error:  Uncaught Error: Failed opening required '/home/magentaw/friends.magentaweb.org/forgotpassword/vendor/phpmailer/phpmailer/src/PHPMailer.php' (include_path='.:/opt/cpanel/ea-php81/root/usr/share/pear') in /home/magentaw/friends.magentaweb.org/forgotpassword/mail.php:26
Stack trace:
#0 {main}
  thrown in /home/magentaw/friends.magentaweb.org/forgotpassword/mail.php on line 26
[27-Sep-2025 19:07:08 UTC] PHP Warning:  require(/home/magentaw/friends.magentaweb.org/forgotpassword/vendor/phpmailer/phpmailer/src/PHPMailer.php): Failed to open stream: No such file or directory in /home/magentaw/friends.magentaweb.org/forgotpassword/mail.php on line 26
[27-Sep-2025 19:07:08 UTC] PHP Warning:  require(/home/magentaw/friends.magentaweb.org/forgotpassword/vendor/phpmailer/phpmailer/src/PHPMailer.php): Failed to open stream: No such file or directory in /home/magentaw/friends.magentaweb.org/forgotpassword/mail.php on line 26
[27-Sep-2025 19:07:08 UTC] PHP Fatal error:  Uncaught Error: Failed opening required '/home/magentaw/friends.magentaweb.org/forgotpassword/vendor/phpmailer/phpmailer/src/PHPMailer.php' (include_path='.:/opt/cpanel/ea-php81/root/usr/share/pear') in /home/magentaw/friends.magentaweb.org/forgotpassword/mail.php:26
Stack trace:
#0 {main}
  thrown in /home/magentaw/friends.magentaweb.org/forgotpassword/mail.php on line 26
[27-Sep-2025 19:07:09 UTC] PHP Warning:  require(/home/magentaw/friends.magentaweb.org/forgotpassword/vendor/phpmailer/phpmailer/src/PHPMailer.php): Failed to open stream: No such file or directory in /home/magentaw/friends.magentaweb.org/forgotpassword/mail.php on line 26
[27-Sep-2025 19:07:09 UTC] PHP Warning:  require(/home/magentaw/friends.magentaweb.org/forgotpassword/vendor/phpmailer/phpmailer/src/PHPMailer.php): Failed to open stream: No such file or directory in /home/magentaw/friends.magentaweb.org/forgotpassword/mail.php on line 26
[27-Sep-2025 19:07:09 UTC] PHP Fatal error:  Uncaught Error: Failed opening required '/home/magentaw/friends.magentaweb.org/forgotpassword/vendor/phpmailer/phpmailer/src/PHPMailer.php' (include_path='.:/opt/cpanel/ea-php81/root/usr/share/pear') in /home/magentaw/friends.magentaweb.org/forgotpassword/mail.php:26
Stack trace:
#0 {main}
  thrown in /home/magentaw/friends.magentaweb.org/forgotpassword/mail.php on line 26
[27-Sep-2025 19:07:09 UTC] PHP Warning:  require(/home/magentaw/friends.magentaweb.org/forgotpassword/vendor/phpmailer/phpmailer/src/PHPMailer.php): Failed to open stream: No such file or directory in /home/magentaw/friends.magentaweb.org/forgotpassword/mail.php on line 26
[27-Sep-2025 19:07:09 UTC] PHP Warning:  require(/home/magentaw/friends.magentaweb.org/forgotpassword/vendor/phpmailer/phpmailer/src/PHPMailer.php): Failed to open stream: No such file or directory in /home/magentaw/friends.magentaweb.org/forgotpassword/mail.php on line 26
[27-Sep-2025 19:07:09 UTC] PHP Fatal error:  Uncaught Error: Failed opening required '/home/magentaw/friends.magentaweb.org/forgotpassword/vendor/phpmailer/phpmailer/src/PHPMailer.php' (include_path='.:/opt/cpanel/ea-php81/root/usr/share/pear') in /home/magentaw/friends.magentaweb.org/forgotpassword/mail.php:26
Stack trace:
#0 {main}
  thrown in /home/magentaw/friends.magentaweb.org/forgotpassword/mail.php on line 26
[27-Sep-2025 19:07:10 UTC] PHP Warning:  require(/home/magentaw/friends.magentaweb.org/forgotpassword/vendor/phpmailer/phpmailer/src/PHPMailer.php): Failed to open stream: No such file or directory in /home/magentaw/friends.magentaweb.org/forgotpassword/mail.php on line 26
[27-Sep-2025 19:07:10 UTC] PHP Warning:  require(/home/magentaw/friends.magentaweb.org/forgotpassword/vendor/phpmailer/phpmailer/src/PHPMailer.php): Failed to open stream: No such file or directory in /home/magentaw/friends.magentaweb.org/forgotpassword/mail.php on line 26
[27-Sep-2025 19:07:10 UTC] PHP Fatal error:  Uncaught Error: Failed opening required '/home/magentaw/friends.magentaweb.org/forgotpassword/vendor/phpmailer/phpmailer/src/PHPMailer.php' (include_path='.:/opt/cpanel/ea-php81/root/usr/share/pear') in /home/magentaw/friends.magentaweb.org/forgotpassword/mail.php:26
Stack trace:
#0 {main}
  thrown in /home/magentaw/friends.magentaweb.org/forgotpassword/mail.php on line 26
[27-Sep-2025 19:07:10 UTC] PHP Warning:  require(/home/magentaw/friends.magentaweb.org/forgotpassword/vendor/phpmailer/phpmailer/src/PHPMailer.php): Failed to open stream: No such file or directory in /home/magentaw/friends.magentaweb.org/forgotpassword/mail.php on line 26
[27-Sep-2025 19:07:10 UTC] PHP Warning:  require(/home/magentaw/friends.magentaweb.org/forgotpassword/vendor/phpmailer/phpmailer/src/PHPMailer.php): Failed to open stream: No such file or directory in /home/magentaw/friends.magentaweb.org/forgotpassword/mail.php on line 26
[27-Sep-2025 19:07:10 UTC] PHP Fatal error:  Uncaught Error: Failed opening required '/home/magentaw/friends.magentaweb.org/forgotpassword/vendor/phpmailer/phpmailer/src/PHPMailer.php' (include_path='.:/opt/cpanel/ea-php81/root/usr/share/pear') in /home/magentaw/friends.magentaweb.org/forgotpassword/mail.php:26
Stack trace:
#0 {main}
  thrown in /home/magentaw/friends.magentaweb.org/forgotpassword/mail.php on line 26
[27-Sep-2025 19:07:10 UTC] PHP Warning:  require(/home/magentaw/friends.magentaweb.org/forgotpassword/vendor/phpmailer/phpmailer/src/PHPMailer.php): Failed to open stream: No such file or directory in /home/magentaw/friends.magentaweb.org/forgotpassword/mail.php on line 26
[27-Sep-2025 19:07:10 UTC] PHP Warning:  require(/home/magentaw/friends.magentaweb.org/forgotpassword/vendor/phpmailer/phpmailer/src/PHPMailer.php): Failed to open stream: No such file or directory in /home/magentaw/friends.magentaweb.org/forgotpassword/mail.php on line 26
[27-Sep-2025 19:07:10 UTC] PHP Fatal error:  Uncaught Error: Failed opening required '/home/magentaw/friends.magentaweb.org/forgotpassword/vendor/phpmailer/phpmailer/src/PHPMailer.php' (include_path='.:/opt/cpanel/ea-php81/root/usr/share/pear') in /home/magentaw/friends.magentaweb.org/forgotpassword/mail.php:26
Stack trace:
#0 {main}
  thrown in /home/magentaw/friends.magentaweb.org/forgotpassword/mail.php on line 26
[27-Sep-2025 19:07:10 UTC] PHP Warning:  require(/home/magentaw/friends.magentaweb.org/forgotpassword/vendor/phpmailer/phpmailer/src/PHPMailer.php): Failed to open stream: No such file or directory in /home/magentaw/friends.magentaweb.org/forgotpassword/mail.php on line 26
[27-Sep-2025 19:07:10 UTC] PHP Warning:  require(/home/magentaw/friends.magentaweb.org/forgotpassword/vendor/phpmailer/phpmailer/src/PHPMailer.php): Failed to open stream: No such file or directory in /home/magentaw/friends.magentaweb.org/forgotpassword/mail.php on line 26
[27-Sep-2025 19:07:10 UTC] PHP Fatal error:  Uncaught Error: Failed opening required '/home/magentaw/friends.magentaweb.org/forgotpassword/vendor/phpmailer/phpmailer/src/PHPMailer.php' (include_path='.:/opt/cpanel/ea-php81/root/usr/share/pear') in /home/magentaw/friends.magentaweb.org/forgotpassword/mail.php:26
Stack trace:
#0 {main}
  thrown in /home/magentaw/friends.magentaweb.org/forgotpassword/mail.php on line 26
[27-Sep-2025 19:07:11 UTC] PHP Warning:  require(/home/magentaw/friends.magentaweb.org/forgotpassword/vendor/phpmailer/phpmailer/src/PHPMailer.php): Failed to open stream: No such file or directory in /home/magentaw/friends.magentaweb.org/forgotpassword/mail.php on line 26
[27-Sep-2025 19:07:11 UTC] PHP Warning:  require(/home/magentaw/friends.magentaweb.org/forgotpassword/vendor/phpmailer/phpmailer/src/PHPMailer.php): Failed to open stream: No such file or directory in /home/magentaw/friends.magentaweb.org/forgotpassword/mail.php on line 26
[27-Sep-2025 19:07:11 UTC] PHP Fatal error:  Uncaught Error: Failed opening required '/home/magentaw/friends.magentaweb.org/forgotpassword/vendor/phpmailer/phpmailer/src/PHPMailer.php' (include_path='.:/opt/cpanel/ea-php81/root/usr/share/pear') in /home/magentaw/friends.magentaweb.org/forgotpassword/mail.php:26
Stack trace:
#0 {main}
  thrown in /home/magentaw/friends.magentaweb.org/forgotpassword/mail.php on line 26
[27-Sep-2025 19:07:11 UTC] PHP Warning:  require(/home/magentaw/friends.magentaweb.org/forgotpassword/vendor/phpmailer/phpmailer/src/PHPMailer.php): Failed to open stream: No such file or directory in /home/magentaw/friends.magentaweb.org/forgotpassword/mail.php on line 26
[27-Sep-2025 19:07:11 UTC] PHP Warning:  require(/home/magentaw/friends.magentaweb.org/forgotpassword/vendor/phpmailer/phpmailer/src/PHPMailer.php): Failed to open stream: No such file or directory in /home/magentaw/friends.magentaweb.org/forgotpassword/mail.php on line 26
[27-Sep-2025 19:07:11 UTC] PHP Fatal error:  Uncaught Error: Failed opening required '/home/magentaw/friends.magentaweb.org/forgotpassword/vendor/phpmailer/phpmailer/src/PHPMailer.php' (include_path='.:/opt/cpanel/ea-php81/root/usr/share/pear') in /home/magentaw/friends.magentaweb.org/forgotpassword/mail.php:26
Stack trace:
#0 {main}
  thrown in /home/magentaw/friends.magentaweb.org/forgotpassword/mail.php on line 26
[27-Sep-2025 19:07:11 UTC] PHP Warning:  require(/home/magentaw/friends.magentaweb.org/forgotpassword/vendor/phpmailer/phpmailer/src/PHPMailer.php): Failed to open stream: No such file or directory in /home/magentaw/friends.magentaweb.org/forgotpassword/mail.php on line 26
[27-Sep-2025 19:07:11 UTC] PHP Warning:  require(/home/magentaw/friends.magentaweb.org/forgotpassword/vendor/phpmailer/phpmailer/src/PHPMailer.php): Failed to open stream: No such file or directory in /home/magentaw/friends.magentaweb.org/forgotpassword/mail.php on line 26
[27-Sep-2025 19:07:11 UTC] PHP Fatal error:  Uncaught Error: Failed opening required '/home/magentaw/friends.magentaweb.org/forgotpassword/vendor/phpmailer/phpmailer/src/PHPMailer.php' (include_path='.:/opt/cpanel/ea-php81/root/usr/share/pear') in /home/magentaw/friends.magentaweb.org/forgotpassword/mail.php:26
Stack trace:
#0 {main}
  thrown in /home/magentaw/friends.magentaweb.org/forgotpassword/mail.php on line 26
[27-Sep-2025 19:07:11 UTC] PHP Warning:  require(/home/magentaw/friends.magentaweb.org/forgotpassword/vendor/phpmailer/phpmailer/src/PHPMailer.php): Failed to open stream: No such file or directory in /home/magentaw/friends.magentaweb.org/forgotpassword/mail.php on line 26
[27-Sep-2025 19:07:11 UTC] PHP Warning:  require(/home/magentaw/friends.magentaweb.org/forgotpassword/vendor/phpmailer/phpmailer/src/PHPMailer.php): Failed to open stream: No such file or directory in /home/magentaw/friends.magentaweb.org/forgotpassword/mail.php on line 26
[27-Sep-2025 19:07:11 UTC] PHP Fatal error:  Uncaught Error: Failed opening required '/home/magentaw/friends.magentaweb.org/forgotpassword/vendor/phpmailer/phpmailer/src/PHPMailer.php' (include_path='.:/opt/cpanel/ea-php81/root/usr/share/pear') in /home/magentaw/friends.magentaweb.org/forgotpassword/mail.php:26
Stack trace:
#0 {main}
  thrown in /home/magentaw/friends.magentaweb.org/forgotpassword/mail.php on line 26
[27-Sep-2025 19:07:11 UTC] PHP Warning:  require(/home/magentaw/friends.magentaweb.org/forgotpassword/vendor/phpmailer/phpmailer/src/PHPMailer.php): Failed to open stream: No such file or directory in /home/magentaw/friends.magentaweb.org/forgotpassword/mail.php on line 26
[27-Sep-2025 19:07:11 UTC] PHP Warning:  require(/home/magentaw/friends.magentaweb.org/forgotpassword/vendor/phpmailer/phpmailer/src/PHPMailer.php): Failed to open stream: No such file or directory in /home/magentaw/friends.magentaweb.org/forgotpassword/mail.php on line 26
[27-Sep-2025 19:07:11 UTC] PHP Fatal error:  Uncaught Error: Failed opening required '/home/magentaw/friends.magentaweb.org/forgotpassword/vendor/phpmailer/phpmailer/src/PHPMailer.php' (include_path='.:/opt/cpanel/ea-php81/root/usr/share/pear') in /home/magentaw/friends.magentaweb.org/forgotpassword/mail.php:26
Stack trace:
#0 {main}
  thrown in /home/magentaw/friends.magentaweb.org/forgotpassword/mail.php on line 26
